ruetpecxE.rutairapalluntaigufueerolodmullicessetilevetatpulovnitiredneherperniroloderurietuasiuD.tauqesnocodommocaexepiuqilatuisinsirobalocmallunoitaticrexedurtsonsiuq,mainevminimdaminetU.auqilangamerolodteerobaltutnudidicniropmetdomsuieoddeS.tilegnicsipidarutetcesnoc,tematisrolodmuspimeroL
