101234586110100901100000001100000000100000000099999999
