False
100 20 9 6 
6 9 20 100 
Deleted
True
6 9 20 
