16837 32061 20992 26444 2973 6228 17499 22271 22808 16355 
