281729 511104 298816 359209 281729 281729 281729 
