Sum: 2.1411+4.7596j
Difference: 3.2955+1.5236j
Product: -6.6522+2.5849j
Division: 1.1908+-2.1048j
