Sum: -2.2222+-2.2222j
Difference: 8.8889+11.1111j
Product: 11.1111+-46.9135j
Division: -0.6393+-0.0328j
