Sum: 1.5276+3.5649j
Difference: 7.8108+-9.0015j
Product: 2.4107+37.8771j
Division: -0.6434+-0.4215j
