Sum: 4.4444+-4.4444j
Difference: 11.1110+-13.3332j
Product: 13.5800+64.1962j
Division: -2.1200+-0.1600j
