Sum: -3.3333+8.8889j
Difference: 14.4444+-11.1111j
Product: -38.2715+65.4320j
Division: -0.3379+-0.2552j
