Sum: 7.9012+3.4457j
Difference: 5.4321+-12.3346j
Product: 43.2976+47.1138j
Division: -0.4208+-0.9108j
