Sum: -7.7778+3.2222j
Difference: 7.7778+-1.2222j
Product: -2.2223+-7.7777j
Division: 0.0340+-0.1189j
