Sum: 9.9999+-3.7532j
Difference: -9.7531+4.8888j
Product: 3.6722+5.0747j
Division: -0.0106+0.0528j
