Sum: -0.3179+0.8368j
Difference: -3.1463+-1.9916j
Product: -1.6330+-3.2661j
Division: -0.8165+0.4083j
