Sum: 2.1213+0.6181j
Difference: 0.7071+3.8541j
Product: 4.6180+-0.7070j
Division: -0.8397+1.2410j
