200
Invalid operation. Dimension mismatch
1000 500 
