thisisanunltralongtextwithadditionalcharactersaddedtoensureitmeetstherequirementsofmorecharactershereintotalitcontinuesontogoanditdoesnotstopanytimesoonthispartoftextisaddedtoenhancetheoveralllengthandfulfillthecharacterrequestwhilemaintainingtheconsistencyandstyleofthesentencecreatingasmoothflowwithoutrandominterruptions day good a have 