True
Deleted
21 19 12 
Deleted
100 21 12 
Failed
100 21 12 
