True
21 19 14 12 
12 14 19 21 
Deleted
21 19 12 
Deleted
100 21 12 
Failed
100 21 12 
